{
    "Full pipeline test with online VEP and IEDB directory check": {
        "content": [
            10,
            {
                "ENSEMBLVEP_VEP": {
                    "ensemblvep": 113.0,
                    "tabix": 1.21
                },
                "MAF2VCF": {
                    "maf2vcf": "1.6.21"
                },
                "PVACTOOLS_PVACSEQ": {
                    "pvactools": "5.3.1"
                },
                "Workflow": {
                    "nextflow_pvacseq": "v1.0dev"
                }
            },
            207427,
            207661
        ],
        "meta": {
            "nf-test": "0.9.2",
            "nextflow": "25.04.4"
        },
        "timestamp": "2025-09-02T12:52:19.750386944"
    }
}